[["juano \u27a4"], ["mammalu"], ["Pippo24/7", "Pissog"], ["sprinto99"], ["Barrel of Wine", "Carlolucarelli", "Foinikorodos"], ["Alpha", "chepokeballs"]]