[["Sacramentu"], ["Spritzalcianuro96"], ["MelodyL"], ["lukepowerranger"], ["BlaD3", "Marco210297", "Naviru", "m e g a g r"], ["Ciaoni", "Escavalier 9", "FranticFranxx", "Gela101", "GodFish66", "Samuele1503", "qwertydj", "un nome"], [], []]