[["pokeleox"], ["dilfmon"], ["Marco210297"], ["useless trainer"], ["Ester98", "Macx94", "mammalu"], ["FarryWar", "Scarpe"], ["ilMatty98"], ["lol ou mons"], ["Little shop"]]